// Jest Snapshot v1, https://goo.gl/fbAQLP

exports[`Calendar month:  matches snapshot 1`] = `
<Container
  style={
    Object {
      "height": 200,
      "width": 600,
    }
  }
>
  <Content>
    <MonthTitle>
      February 2020
    </MonthTitle>
    <WeekDayTitle>
      M
    </WeekDayTitle>
    <WeekDayTitle>
      T
    </WeekDayTitle>
    <WeekDayTitle>
      W
    </WeekDayTitle>
    <WeekDayTitle>
      T
    </WeekDayTitle>
    <WeekDayTitle>
      F
    </WeekDayTitle>
    <WeekDayTitle>
      S
    </WeekDayTitle>
    <WeekDayTitle>
      S
    </WeekDayTitle>
    <CalendarDay
      blank={true}
      date={2020-02-01T00:00:00.000Z}
      key="0"
    />
    <CalendarDay
      blank={true}
      date={2020-02-01T00:00:00.000Z}
      key="1"
    />
    <CalendarDay
      blank={true}
      date={2020-02-01T00:00:00.000Z}
      key="2"
    />
    <CalendarDay
      blank={true}
      date={2020-02-01T00:00:00.000Z}
      key="3"
    />
    <CalendarDay
      blank={true}
      date={2020-02-01T00:00:00.000Z}
      key="4"
    />
    <CalendarDay
      blank={true}
      date={2020-02-01T00:00:00.000Z}
      key="5"
    />
    <CalendarDay
      date={2020-02-01T00:00:00.000Z}
      key="0"
    />
    <CalendarDay
      date={2020-02-02T00:00:00.000Z}
      key="1"
    />
    <CalendarDay
      date={2020-02-03T00:00:00.000Z}
      key="2"
    />
    <CalendarDay
      date={2020-02-04T00:00:00.000Z}
      key="3"
    />
    <CalendarDay
      date={2020-02-05T00:00:00.000Z}
      key="4"
    />
    <CalendarDay
      date={2020-02-06T00:00:00.000Z}
      key="5"
    />
    <CalendarDay
      date={2020-02-07T00:00:00.000Z}
      key="6"
    />
    <CalendarDay
      date={2020-02-08T00:00:00.000Z}
      key="7"
    />
    <CalendarDay
      date={2020-02-09T00:00:00.000Z}
      key="8"
    />
    <CalendarDay
      date={2020-02-10T00:00:00.000Z}
      key="9"
    />
    <CalendarDay
      date={2020-02-11T00:00:00.000Z}
      key="10"
    />
    <CalendarDay
      date={2020-02-12T00:00:00.000Z}
      key="11"
    />
    <CalendarDay
      date={2020-02-13T00:00:00.000Z}
      key="12"
    />
    <CalendarDay
      date={2020-02-14T00:00:00.000Z}
      key="13"
    />
    <CalendarDay
      date={2020-02-15T00:00:00.000Z}
      key="14"
    />
    <CalendarDay
      date={2020-02-16T00:00:00.000Z}
      key="15"
    />
    <CalendarDay
      date={2020-02-17T00:00:00.000Z}
      key="16"
    />
    <CalendarDay
      date={2020-02-18T00:00:00.000Z}
      key="17"
    />
    <CalendarDay
      date={2020-02-19T00:00:00.000Z}
      key="18"
    />
    <CalendarDay
      date={2020-02-20T00:00:00.000Z}
      key="19"
    />
    <CalendarDay
      date={2020-02-21T00:00:00.000Z}
      key="20"
    />
    <CalendarDay
      date={2020-02-22T00:00:00.000Z}
      key="21"
    />
    <CalendarDay
      date={2020-02-23T00:00:00.000Z}
      key="22"
    />
    <CalendarDay
      date={2020-02-24T00:00:00.000Z}
      key="23"
    />
    <CalendarDay
      date={2020-02-25T00:00:00.000Z}
      key="24"
    />
    <CalendarDay
      date={2020-02-26T00:00:00.000Z}
      key="25"
    />
    <CalendarDay
      date={2020-02-27T00:00:00.000Z}
      key="26"
    />
    <CalendarDay
      date={2020-02-28T00:00:00.000Z}
      key="27"
    />
    <CalendarDay
      date={2020-02-29T00:00:00.000Z}
      key="28"
    />
  </Content>
</Container>
`;
