// Jest Snapshot v1, https://goo.gl/fbAQLP

exports[`Setting:  matches snapshot 1`] = `
<a
  href="/"
>
  <Title>
    Lorem ipsum
  </Title>
  <Subtitle>
    dolor sit amet
  </Subtitle>
</a>
`;
